Archive member included to satisfy reference by file (symbol)

c:/7.0/toolchain/avr8/avr8-gnu-toolchain/bin/../lib/gcc/avr/5.4.0/avr5\libgcc.a(_exit.o)
                              C:/7.0/Packs/atmel/ATmega_DFP/1.7.374/gcc/dev/atmega32a/avr5/crtatmega32a.o (exit)
c:/7.0/toolchain/avr8/avr8-gnu-toolchain/bin/../lib/gcc/avr/5.4.0/avr5\libgcc.a(_tablejump2.o)
                              MCAL/timer/timer.o (__tablejump2__)
c:/7.0/toolchain/avr8/avr8-gnu-toolchain/bin/../lib/gcc/avr/5.4.0/avr5\libgcc.a(_copy_data.o)
                              HAL/led/led_config.o (__do_copy_data)
c:/7.0/toolchain/avr8/avr8-gnu-toolchain/bin/../lib/gcc/avr/5.4.0/avr5\libgcc.a(_clear_bss.o)
                              APP/app.o (__do_clear_bss)

Discarded input sections

 .data          0x00000000        0x0 C:/7.0/Packs/atmel/ATmega_DFP/1.7.374/gcc/dev/atmega32a/avr5/crtatmega32a.o
 .bss           0x00000000        0x0 C:/7.0/Packs/atmel/ATmega_DFP/1.7.374/gcc/dev/atmega32a/avr5/crtatmega32a.o
 .text          0x00000000        0x0 APP/app.o
 .data          0x00000000        0x0 APP/app.o
 .bss           0x00000000        0x0 APP/app.o
 .text          0x00000000        0x0 HAL/button/button.o
 .data          0x00000000        0x0 HAL/button/button.o
 .bss           0x00000000        0x0 HAL/button/button.o
 .text.BTN_init
                0x00000000       0x38 HAL/button/button.o
 .text.BTN_read_state
                0x00000000       0x94 HAL/button/button.o
 .debug_info    0x00000000      0x326 HAL/button/button.o
 .debug_abbrev  0x00000000      0x100 HAL/button/button.o
 .debug_loc     0x00000000      0x2ab HAL/button/button.o
 .debug_aranges
                0x00000000       0x28 HAL/button/button.o
 .debug_ranges  0x00000000       0x18 HAL/button/button.o
 .debug_line    0x00000000      0x188 HAL/button/button.o
 .debug_str     0x00000000      0x3b7 HAL/button/button.o
 .comment       0x00000000       0x31 HAL/button/button.o
 .debug_frame   0x00000000       0x64 HAL/button/button.o
 .text          0x00000000        0x0 HAL/led/led.o
 .data          0x00000000        0x0 HAL/led/led.o
 .bss           0x00000000        0x0 HAL/led/led.o
 .text.LED_turn_on
                0x00000000       0x26 HAL/led/led.o
 .text.LED_turn_off
                0x00000000       0x26 HAL/led/led.o
 .text          0x00000000        0x0 HAL/led/led_config.o
 .data          0x00000000        0x0 HAL/led/led_config.o
 .bss           0x00000000        0x0 HAL/led/led_config.o
 .data.st_g_led2_instance
                0x00000000        0x3 HAL/led/led_config.o
 .text          0x00000000        0x0 main.o
 .data          0x00000000        0x0 main.o
 .bss           0x00000000        0x0 main.o
 .text          0x00000000        0x0 MCAL/dio/dio.o
 .data          0x00000000        0x0 MCAL/dio/dio.o
 .bss           0x00000000        0x0 MCAL/dio/dio.o
 .text.DIO_pin_read_logic
                0x00000000       0x6a MCAL/dio/dio.o
 .text.DIO_port_direction_intialize
                0x00000000       0x20 MCAL/dio/dio.o
 .text.DIO_port_write_logic
                0x00000000       0x20 MCAL/dio/dio.o
 .text.DIO_port_read_logic
                0x00000000       0x24 MCAL/dio/dio.o
 .text.DIO_port_toggle_logic
                0x00000000       0x24 MCAL/dio/dio.o
 .rodata.pin_registers
                0x00000000        0x8 MCAL/dio/dio.o
 .text          0x00000000        0x0 MCAL/exti/external_interrupt.h.o
 .data          0x00000000        0x0 MCAL/exti/external_interrupt.h.o
 .bss           0x00000000        0x0 MCAL/exti/external_interrupt.h.o
 .text.EXT_INTx_DeInit
                0x00000000       0x36 MCAL/exti/external_interrupt.h.o
 .text          0x00000000        0x0 MCAL/timer/timer.o
 .data          0x00000000        0x0 MCAL/timer/timer.o
 .bss           0x00000000        0x0 MCAL/timer/timer.o
 .text          0x00000000        0x0 SERVICE/sos/sos.o
 .data          0x00000000        0x0 SERVICE/sos/sos.o
 .bss           0x00000000        0x0 SERVICE/sos/sos.o
 .text.SOS_deinit
                0x00000000       0x42 SERVICE/sos/sos.o
 .text.SOS_modify_task
                0x00000000       0x88 SERVICE/sos/sos.o
 .text.SOS_delete_task
                0x00000000       0x70 SERVICE/sos/sos.o
 .bss.u8_sg_sos_time_counter_2_
                0x00000000        0x4 SERVICE/sos/sos.o
 .bss.u8_sg_sos_time_counter
                0x00000000        0x4 SERVICE/sos/sos.o
 .text          0x00000000        0x0 SERVICE/sos/sos_tasks.o
 .data          0x00000000        0x0 SERVICE/sos/sos_tasks.o
 .bss           0x00000000        0x0 SERVICE/sos/sos_tasks.o
 .data.str_g_task_3_
                0x00000000        0x7 SERVICE/sos/sos_tasks.o
 .text          0x00000000        0x0 STD_LIBRARIES/ex_int_manger/ex_int_manger.o
 .data          0x00000000        0x0 STD_LIBRARIES/ex_int_manger/ex_int_manger.o
 .bss           0x00000000        0x0 STD_LIBRARIES/ex_int_manger/ex_int_manger.o
 .text.EXT_INTx_setEdgeType_manger
                0x00000000       0x16 STD_LIBRARIES/ex_int_manger/ex_int_manger.o
 .text.EXT_INTx_DeInit_manger
                0x00000000        0xe STD_LIBRARIES/ex_int_manger/ex_int_manger.o
 .text          0x00000000        0x0 STD_LIBRARIES/ex_int_manger/ex_int_manger_config.o
 .data          0x00000000        0x0 STD_LIBRARIES/ex_int_manger/ex_int_manger_config.o
 .bss           0x00000000        0x0 STD_LIBRARIES/ex_int_manger/ex_int_manger_config.o
 .text          0x00000000        0x0 STD_LIBRARIES/timer_manager/timer_manager.o
 .data          0x00000000        0x0 STD_LIBRARIES/timer_manager/timer_manager.o
 .bss           0x00000000        0x0 STD_LIBRARIES/timer_manager/timer_manager.o
 .text          0x00000000        0x0 STD_LIBRARIES/timer_manager/timer_manger_config.o
 .data          0x00000000        0x0 STD_LIBRARIES/timer_manager/timer_manger_config.o
 .bss           0x00000000        0x0 STD_LIBRARIES/timer_manager/timer_manger_config.o
 .text          0x00000000        0x0 c:/7.0/toolchain/avr8/avr8-gnu-toolchain/bin/../lib/gcc/avr/5.4.0/avr5\libgcc.a(_exit.o)
 .data          0x00000000        0x0 c:/7.0/toolchain/avr8/avr8-gnu-toolchain/bin/../lib/gcc/avr/5.4.0/avr5\libgcc.a(_exit.o)
 .bss           0x00000000        0x0 c:/7.0/toolchain/avr8/avr8-gnu-toolchain/bin/../lib/gcc/avr/5.4.0/avr5\libgcc.a(_exit.o)
 .text.libgcc.mul
                0x00000000        0x0 c:/7.0/toolchain/avr8/avr8-gnu-toolchain/bin/../lib/gcc/avr/5.4.0/avr5\libgcc.a(_exit.o)
 .text.libgcc.div
                0x00000000        0x0 c:/7.0/toolchain/avr8/avr8-gnu-toolchain/bin/../lib/gcc/avr/5.4.0/avr5\libgcc.a(_exit.o)
 .text.libgcc   0x00000000        0x0 c:/7.0/toolchain/avr8/avr8-gnu-toolchain/bin/../lib/gcc/avr/5.4.0/avr5\libgcc.a(_exit.o)
 .text.libgcc.prologue
                0x00000000        0x0 c:/7.0/toolchain/avr8/avr8-gnu-toolchain/bin/../lib/gcc/avr/5.4.0/avr5\libgcc.a(_exit.o)
 .text.libgcc.builtins
                0x00000000        0x0 c:/7.0/toolchain/avr8/avr8-gnu-toolchain/bin/../lib/gcc/avr/5.4.0/avr5\libgcc.a(_exit.o)
 .text.libgcc.fmul
                0x00000000        0x0 c:/7.0/toolchain/avr8/avr8-gnu-toolchain/bin/../lib/gcc/avr/5.4.0/avr5\libgcc.a(_exit.o)
 .text.libgcc.fixed
                0x00000000        0x0 c:/7.0/toolchain/avr8/avr8-gnu-toolchain/bin/../lib/gcc/avr/5.4.0/avr5\libgcc.a(_exit.o)
 .text          0x00000000        0x0 c:/7.0/toolchain/avr8/avr8-gnu-toolchain/bin/../lib/gcc/avr/5.4.0/avr5\libgcc.a(_tablejump2.o)
 .data          0x00000000        0x0 c:/7.0/toolchain/avr8/avr8-gnu-toolchain/bin/../lib/gcc/avr/5.4.0/avr5\libgcc.a(_tablejump2.o)
 .bss           0x00000000        0x0 c:/7.0/toolchain/avr8/avr8-gnu-toolchain/bin/../lib/gcc/avr/5.4.0/avr5\libgcc.a(_tablejump2.o)
 .text.libgcc.mul
                0x00000000        0x0 c:/7.0/toolchain/avr8/avr8-gnu-toolchain/bin/../lib/gcc/avr/5.4.0/avr5\libgcc.a(_tablejump2.o)
 .text.libgcc.div
                0x00000000        0x0 c:/7.0/toolchain/avr8/avr8-gnu-toolchain/bin/../lib/gcc/avr/5.4.0/avr5\libgcc.a(_tablejump2.o)
 .text.libgcc.prologue
                0x00000000        0x0 c:/7.0/toolchain/avr8/avr8-gnu-toolchain/bin/../lib/gcc/avr/5.4.0/avr5\libgcc.a(_tablejump2.o)
 .text.libgcc.builtins
                0x00000000        0x0 c:/7.0/toolchain/avr8/avr8-gnu-toolchain/bin/../lib/gcc/avr/5.4.0/avr5\libgcc.a(_tablejump2.o)
 .text.libgcc.fmul
                0x00000000        0x0 c:/7.0/toolchain/avr8/avr8-gnu-toolchain/bin/../lib/gcc/avr/5.4.0/avr5\libgcc.a(_tablejump2.o)
 .text.libgcc.fixed
                0x00000000        0x0 c:/7.0/toolchain/avr8/avr8-gnu-toolchain/bin/../lib/gcc/avr/5.4.0/avr5\libgcc.a(_tablejump2.o)
 .text          0x00000000        0x0 c:/7.0/toolchain/avr8/avr8-gnu-toolchain/bin/../lib/gcc/avr/5.4.0/avr5\libgcc.a(_copy_data.o)
 .data          0x00000000        0x0 c:/7.0/toolchain/avr8/avr8-gnu-toolchain/bin/../lib/gcc/avr/5.4.0/avr5\libgcc.a(_copy_data.o)
 .bss           0x00000000        0x0 c:/7.0/toolchain/avr8/avr8-gnu-toolchain/bin/../lib/gcc/avr/5.4.0/avr5\libgcc.a(_copy_data.o)
 .text.libgcc.mul
                0x00000000        0x0 c:/7.0/toolchain/avr8/avr8-gnu-toolchain/bin/../lib/gcc/avr/5.4.0/avr5\libgcc.a(_copy_data.o)
 .text.libgcc.div
                0x00000000        0x0 c:/7.0/toolchain/avr8/avr8-gnu-toolchain/bin/../lib/gcc/avr/5.4.0/avr5\libgcc.a(_copy_data.o)
 .text.libgcc   0x00000000        0x0 c:/7.0/toolchain/avr8/avr8-gnu-toolchain/bin/../lib/gcc/avr/5.4.0/avr5\libgcc.a(_copy_data.o)
 .text.libgcc.prologue
                0x00000000        0x0 c:/7.0/toolchain/avr8/avr8-gnu-toolchain/bin/../lib/gcc/avr/5.4.0/avr5\libgcc.a(_copy_data.o)
 .text.libgcc.builtins
                0x00000000        0x0 c:/7.0/toolchain/avr8/avr8-gnu-toolchain/bin/../lib/gcc/avr/5.4.0/avr5\libgcc.a(_copy_data.o)
 .text.libgcc.fmul
                0x00000000        0x0 c:/7.0/toolchain/avr8/avr8-gnu-toolchain/bin/../lib/gcc/avr/5.4.0/avr5\libgcc.a(_copy_data.o)
 .text.libgcc.fixed
                0x00000000        0x0 c:/7.0/toolchain/avr8/avr8-gnu-toolchain/bin/../lib/gcc/avr/5.4.0/avr5\libgcc.a(_copy_data.o)
 .text          0x00000000        0x0 c:/7.0/toolchain/avr8/avr8-gnu-toolchain/bin/../lib/gcc/avr/5.4.0/avr5\libgcc.a(_clear_bss.o)
 .data          0x00000000        0x0 c:/7.0/toolchain/avr8/avr8-gnu-toolchain/bin/../lib/gcc/avr/5.4.0/avr5\libgcc.a(_clear_bss.o)
 .bss           0x00000000        0x0 c:/7.0/toolchain/avr8/avr8-gnu-toolchain/bin/../lib/gcc/avr/5.4.0/avr5\libgcc.a(_clear_bss.o)
 .text.libgcc.mul
                0x00000000        0x0 c:/7.0/toolchain/avr8/avr8-gnu-toolchain/bin/../lib/gcc/avr/5.4.0/avr5\libgcc.a(_clear_bss.o)
 .text.libgcc.div
                0x00000000        0x0 c:/7.0/toolchain/avr8/avr8-gnu-toolchain/bin/../lib/gcc/avr/5.4.0/avr5\libgcc.a(_clear_bss.o)
 .text.libgcc   0x00000000        0x0 c:/7.0/toolchain/avr8/avr8-gnu-toolchain/bin/../lib/gcc/avr/5.4.0/avr5\libgcc.a(_clear_bss.o)
 .text.libgcc.prologue
                0x00000000        0x0 c:/7.0/toolchain/avr8/avr8-gnu-toolchain/bin/../lib/gcc/avr/5.4.0/avr5\libgcc.a(_clear_bss.o)
 .text.libgcc.builtins
                0x00000000        0x0 c:/7.0/toolchain/avr8/avr8-gnu-toolchain/bin/../lib/gcc/avr/5.4.0/avr5\libgcc.a(_clear_bss.o)
 .text.libgcc.fmul
                0x00000000        0x0 c:/7.0/toolchain/avr8/avr8-gnu-toolchain/bin/../lib/gcc/avr/5.4.0/avr5\libgcc.a(_clear_bss.o)
 .text.libgcc.fixed
                0x00000000        0x0 c:/7.0/toolchain/avr8/avr8-gnu-toolchain/bin/../lib/gcc/avr/5.4.0/avr5\libgcc.a(_clear_bss.o)

Memory Configuration

Name             Origin             Length             Attributes
text             0x00000000         0x00008000         xr
data             0x00800060         0x00000800         rw !x
eeprom           0x00810000         0x00000400         rw !x
fuse             0x00820000         0x00000002         rw !x
lock             0x00830000         0x00000400         rw !x
signature        0x00840000         0x00000400         rw !x
user_signatures  0x00850000         0x00000400         rw !x
*default*        0x00000000         0xffffffff

Linker script and memory map

LOAD C:/7.0/Packs/atmel/ATmega_DFP/1.7.374/gcc/dev/atmega32a/avr5/crtatmega32a.o
LOAD APP/app.o
LOAD HAL/button/button.o
LOAD HAL/led/led.o
LOAD HAL/led/led_config.o
LOAD main.o
LOAD MCAL/dio/dio.o
LOAD MCAL/exti/external_interrupt.h.o
LOAD MCAL/timer/timer.o
LOAD SERVICE/sos/sos.o
LOAD SERVICE/sos/sos_tasks.o
LOAD STD_LIBRARIES/ex_int_manger/ex_int_manger.o
LOAD STD_LIBRARIES/ex_int_manger/ex_int_manger_config.o
LOAD STD_LIBRARIES/timer_manager/timer_manager.o
LOAD STD_LIBRARIES/timer_manager/timer_manger_config.o
START GROUP
LOAD c:/7.0/toolchain/avr8/avr8-gnu-toolchain/bin/../lib/gcc/avr/5.4.0/../../../../avr/lib/avr5\libm.a
END GROUP
START GROUP
LOAD c:/7.0/toolchain/avr8/avr8-gnu-toolchain/bin/../lib/gcc/avr/5.4.0/avr5\libgcc.a
LOAD c:/7.0/toolchain/avr8/avr8-gnu-toolchain/bin/../lib/gcc/avr/5.4.0/../../../../avr/lib/avr5\libm.a
LOAD c:/7.0/toolchain/avr8/avr8-gnu-toolchain/bin/../lib/gcc/avr/5.4.0/../../../../avr/lib/avr5\libc.a
LOAD C:/7.0/Packs/atmel/ATmega_DFP/1.7.374/gcc/dev/atmega32a/avr5\libatmega32a.a
END GROUP
                [0x00000000]                __TEXT_REGION_ORIGIN__ = DEFINED (__TEXT_REGION_ORIGIN__)?__TEXT_REGION_ORIGIN__:0x0
                [0x00800060]                __DATA_REGION_ORIGIN__ = DEFINED (__DATA_REGION_ORIGIN__)?__DATA_REGION_ORIGIN__:0x800060
                [0x00008000]                __TEXT_REGION_LENGTH__ = DEFINED (__TEXT_REGION_LENGTH__)?__TEXT_REGION_LENGTH__:0x20000
                [0x00000800]                __DATA_REGION_LENGTH__ = DEFINED (__DATA_REGION_LENGTH__)?__DATA_REGION_LENGTH__:0xffa0
                [0x00000400]                __EEPROM_REGION_LENGTH__ = DEFINED (__EEPROM_REGION_LENGTH__)?__EEPROM_REGION_LENGTH__:0x10000
                [0x00000002]                __FUSE_REGION_LENGTH__ = DEFINED (__FUSE_REGION_LENGTH__)?__FUSE_REGION_LENGTH__:0x400
                0x00000400                __LOCK_REGION_LENGTH__ = DEFINED (__LOCK_REGION_LENGTH__)?__LOCK_REGION_LENGTH__:0x400
                0x00000400                __SIGNATURE_REGION_LENGTH__ = DEFINED (__SIGNATURE_REGION_LENGTH__)?__SIGNATURE_REGION_LENGTH__:0x400
                0x00000400                __USER_SIGNATURE_REGION_LENGTH__ = DEFINED (__USER_SIGNATURE_REGION_LENGTH__)?__USER_SIGNATURE_REGION_LENGTH__:0x400

.hash
 *(.hash)

.dynsym
 *(.dynsym)

.dynstr
 *(.dynstr)

.gnu.version
 *(.gnu.version)

.gnu.version_d
 *(.gnu.version_d)

.gnu.version_r
 *(.gnu.version_r)

.rel.init
 *(.rel.init)

.rela.init
 *(.rela.init)

.rel.text
 *(.rel.text)
 *(.rel.text.*)
 *(.rel.gnu.linkonce.t*)

.rela.text
 *(.rela.text)
 *(.rela.text.*)
 *(.rela.gnu.linkonce.t*)

.rel.fini
 *(.rel.fini)

.rela.fini
 *(.rela.fini)

.rel.rodata
 *(.rel.rodata)
 *(.rel.rodata.*)
 *(.rel.gnu.linkonce.r*)

.rela.rodata
 *(.rela.rodata)
 *(.rela.rodata.*)
 *(.rela.gnu.linkonce.r*)

.rel.data
 *(.rel.data)
 *(.rel.data.*)
 *(.rel.gnu.linkonce.d*)

.rela.data
 *(.rela.data)
 *(.rela.data.*)
 *(.rela.gnu.linkonce.d*)

.rel.ctors
 *(.rel.ctors)

.rela.ctors
 *(.rela.ctors)

.rel.dtors
 *(.rel.dtors)

.rela.dtors
 *(.rela.dtors)

.rel.got
 *(.rel.got)

.rela.got
 *(.rela.got)

.rel.bss
 *(.rel.bss)

.rela.bss
 *(.rela.bss)

.rel.plt
 *(.rel.plt)

.rela.plt
 *(.rela.plt)

.text           0x00000000     0x1084
 *(.vectors)
 .vectors       0x00000000       0x54 C:/7.0/Packs/atmel/ATmega_DFP/1.7.374/gcc/dev/atmega32a/avr5/crtatmega32a.o
                0x00000000                __vector_default
                0x00000000                __vectors
 *(.vectors)
 *(.progmem.gcc*)
 .progmem.gcc_sw_table.TIMER_start
                0x00000054       0x38 MCAL/timer/timer.o
                0x0000008c                . = ALIGN (0x2)
                0x0000008c                __trampolines_start = .
 *(.trampolines)
 .trampolines   0x0000008c        0x0 linker stubs
 *(.trampolines*)
                0x0000008c                __trampolines_end = .
 *libprintf_flt.a:*(.progmem.data)
 *libc.a:*(.progmem.data)
 *(.progmem*)
                0x0000008c                . = ALIGN (0x2)
 *(.jumptables)
 *(.jumptables*)
 *(.lowtext)
 *(.lowtext*)
                0x0000008c                __ctors_start = .
 *(.ctors)
                0x0000008c                __ctors_end = .
                0x0000008c                __dtors_start = .
 *(.dtors)
                0x0000008c                __dtors_end = .
 SORT(*)(.ctors)
 SORT(*)(.dtors)
 *(.init0)
 .init0         0x0000008c        0x0 C:/7.0/Packs/atmel/ATmega_DFP/1.7.374/gcc/dev/atmega32a/avr5/crtatmega32a.o
                0x0000008c                __init
 *(.init0)
 *(.init1)
 *(.init1)
 *(.init2)
 .init2         0x0000008c        0xc C:/7.0/Packs/atmel/ATmega_DFP/1.7.374/gcc/dev/atmega32a/avr5/crtatmega32a.o
 *(.init2)
 *(.init3)
 *(.init3)
 *(.init4)
 .init4         0x00000098       0x16 c:/7.0/toolchain/avr8/avr8-gnu-toolchain/bin/../lib/gcc/avr/5.4.0/avr5\libgcc.a(_copy_data.o)
                0x00000098                __do_copy_data
 .init4         0x000000ae       0x10 c:/7.0/toolchain/avr8/avr8-gnu-toolchain/bin/../lib/gcc/avr/5.4.0/avr5\libgcc.a(_clear_bss.o)
                0x000000ae                __do_clear_bss
 *(.init4)
 *(.init5)
 *(.init5)
 *(.init6)
 *(.init6)
 *(.init7)
 *(.init7)
 *(.init8)
 *(.init8)
 *(.init9)
 .init9         0x000000be        0x8 C:/7.0/Packs/atmel/ATmega_DFP/1.7.374/gcc/dev/atmega32a/avr5/crtatmega32a.o
 *(.init9)
 *(.text)
 .text          0x000000c6        0x4 C:/7.0/Packs/atmel/ATmega_DFP/1.7.374/gcc/dev/atmega32a/avr5/crtatmega32a.o
                0x000000c6                __vector_12
                0x000000c6                __bad_interrupt
                0x000000c6                __vector_6
                0x000000c6                __vector_13
                0x000000c6                __vector_17
                0x000000c6                __vector_19
                0x000000c6                __vector_7
                0x000000c6                __vector_4
                0x000000c6                __vector_15
                0x000000c6                __vector_8
                0x000000c6                __vector_14
                0x000000c6                __vector_10
                0x000000c6                __vector_16
                0x000000c6                __vector_18
                0x000000c6                __vector_20
                0x000000ca                . = ALIGN (0x2)
 *(.text.*)
 .text.Start_sos_handler
                0x000000ca        0x8 APP/app.o
 .text.Stop_sos_handler
                0x000000d2        0x8 APP/app.o
 .text.task_2_handler
                0x000000da       0x1c APP/app.o
 .text.task_1_handler
                0x000000f6        0xa APP/app.o
 .text.APP_init
                0x00000100       0xe8 APP/app.o
                0x00000100                APP_init
 .text.APP_start
                0x000001e8        0xc APP/app.o
                0x000001e8                APP_start
 .text.LED_initialize
                0x000001f4       0x52 HAL/led/led.o
                0x000001f4                LED_initialize
 .text.LED_turn_toggle
                0x00000246       0x24 HAL/led/led.o
                0x00000246                LED_turn_toggle
 .text.main     0x0000026a        0xe main.o
                0x0000026a                main
 .text.DIO_pin_direction_intialize
                0x00000278       0x80 MCAL/dio/dio.o
                0x00000278                DIO_pin_direction_intialize
 .text.DIO_pin_write_logic
                0x000002f8       0x82 MCAL/dio/dio.o
                0x000002f8                DIO_pin_write_logic
 .text.DIO_pin_toggle_logic
                0x0000037a       0x4a MCAL/dio/dio.o
                0x0000037a                DIO_pin_toggle_logic
 .text.__vector_1
                0x000003c4       0x58 MCAL/exti/external_interrupt.h.o
                0x000003c4                __vector_1
 .text.__vector_2
                0x0000041c       0x58 MCAL/exti/external_interrupt.h.o
                0x0000041c                __vector_2
 .text.__vector_3
                0x00000474       0x58 MCAL/exti/external_interrupt.h.o
                0x00000474                __vector_3
 .text.EXT_INTx_setCallBack
                0x000004cc       0x44 MCAL/exti/external_interrupt.h.o
                0x000004cc                EXT_INTx_setCallBack
 .text.EXT_INTx_setEdgeType
                0x00000510       0xf0 MCAL/exti/external_interrupt.h.o
                0x00000510                EXT_INTx_setEdgeType
 .text.EXT_INTx_Init
                0x00000600       0xd2 MCAL/exti/external_interrupt.h.o
                0x00000600                EXT_INTx_Init
 .text.__vector_11
                0x000006d2       0x60 MCAL/timer/timer.o
                0x000006d2                __vector_11
 .text.__vector_9
                0x00000732       0x60 MCAL/timer/timer.o
                0x00000732                __vector_9
 .text.__vector_5
                0x00000792       0x60 MCAL/timer/timer.o
                0x00000792                __vector_5
 .text.TIMER_init
                0x000007f2      0x11a MCAL/timer/timer.o
                0x000007f2                TIMER_init
 .text.TIMER_start
                0x0000090c      0x298 MCAL/timer/timer.o
                0x0000090c                TIMER_start
 .text.TIMER_stop
                0x00000ba4       0x5a MCAL/timer/timer.o
                0x00000ba4                TIMER_stop
 .text.TIMER_reset
                0x00000bfe       0x50 MCAL/timer/timer.o
                0x00000bfe                TIMER_reset
 .text.TIMER_setCallBack
                0x00000c4e       0x44 MCAL/timer/timer.o
                0x00000c4e                TIMER_setCallBack
 .text.init_theArrayOfIDs
                0x00000c92       0x7a SERVICE/sos/sos.o
 .text.SOS_timer_handelr
                0x00000d0c       0x90 SERVICE/sos/sos.o
 .text.SOS_init
                0x00000d9c       0x4a SERVICE/sos/sos.o
                0x00000d9c                SOS_init
 .text.SOS_disable
                0x00000de6       0x20 SERVICE/sos/sos.o
                0x00000de6                SOS_disable
 .text.SOS_run  0x00000e06      0x14c SERVICE/sos/sos.o
                0x00000e06                SOS_run
 .text.SOS_create_task
                0x00000f52       0x5c SERVICE/sos/sos.o
                0x00000f52                SOS_create_task
 .text.EXT_INTx_setCallBack_manger
                0x00000fae       0x16 STD_LIBRARIES/ex_int_manger/ex_int_manger.o
                0x00000fae                EXT_INTx_setCallBack_manger
 .text.EXT_INTx_Init_manger
                0x00000fc4       0x1a STD_LIBRARIES/ex_int_manger/ex_int_manger.o
                0x00000fc4                EXT_INTx_Init_manger
 .text.TIMER_Manager_init
                0x00000fde       0x40 STD_LIBRARIES/timer_manager/timer_manager.o
                0x00000fde                TIMER_Manager_init
 .text.TIMER_Manager_start
                0x0000101e       0x24 STD_LIBRARIES/timer_manager/timer_manager.o
                0x0000101e                TIMER_Manager_start
 .text.TIMER_Manager_stop
                0x00001042        0xe STD_LIBRARIES/timer_manager/timer_manager.o
                0x00001042                TIMER_Manager_stop
 .text.TIMER_Manager_reset
                0x00001050       0x24 STD_LIBRARIES/timer_manager/timer_manager.o
                0x00001050                TIMER_Manager_reset
 .text.libgcc   0x00001074        0xc c:/7.0/toolchain/avr8/avr8-gnu-toolchain/bin/../lib/gcc/avr/5.4.0/avr5\libgcc.a(_tablejump2.o)
                0x00001074                __tablejump2__
                0x00001080                . = ALIGN (0x2)
 *(.fini9)
 .fini9         0x00001080        0x0 c:/7.0/toolchain/avr8/avr8-gnu-toolchain/bin/../lib/gcc/avr/5.4.0/avr5\libgcc.a(_exit.o)
                0x00001080                _exit
                0x00001080                exit
 *(.fini9)
 *(.fini8)
 *(.fini8)
 *(.fini7)
 *(.fini7)
 *(.fini6)
 *(.fini6)
 *(.fini5)
 *(.fini5)
 *(.fini4)
 *(.fini4)
 *(.fini3)
 *(.fini3)
 *(.fini2)
 *(.fini2)
 *(.fini1)
 *(.fini1)
 *(.fini0)
 .fini0         0x00001080        0x4 c:/7.0/toolchain/avr8/avr8-gnu-toolchain/bin/../lib/gcc/avr/5.4.0/avr5\libgcc.a(_exit.o)
 *(.fini0)
                0x00001084                _etext = .

.data           0x00800060       0x30 load address 0x00001084
                0x00800060                PROVIDE (__data_start, .)
 *(.data)
 *(.data*)
 .data.st_g_led1_instance
                0x00800060        0x3 HAL/led/led_config.o
                0x00800060                st_g_led1_instance
 .data.st_g_led0_instance
                0x00800063        0x3 HAL/led/led_config.o
                0x00800063                st_g_led0_instance
 .data.Start_Flag
                0x00800066        0x1 SERVICE/sos/sos.o
                0x00800066                Start_Flag
 .data.str_g_task_2_
                0x00800067        0x7 SERVICE/sos/sos_tasks.o
                0x00800067                str_g_task_2_
 .data.str_g_task_1_
                0x0080006e        0x7 SERVICE/sos/sos_tasks.o
                0x0080006e                str_g_task_1_
 .data.s_INT1   0x00800075        0x2 STD_LIBRARIES/ex_int_manger/ex_int_manger_config.o
                0x00800075                s_INT1
 .data.s_INT0   0x00800077        0x2 STD_LIBRARIES/ex_int_manger/ex_int_manger_config.o
                0x00800077                s_INT0
 .data.st_g_sos_timer
                0x00800079        0x7 STD_LIBRARIES/timer_manager/timer_manger_config.o
                0x00800079                st_g_sos_timer
 *(.gnu.linkonce.d*)
 *(.rodata)
 *(.rodata*)
 .rodata.port_registers
                0x00800080        0x8 MCAL/dio/dio.o
 .rodata.ddr_registers
                0x00800088        0x8 MCAL/dio/dio.o
 *(.gnu.linkonce.r*)
                0x00800090                . = ALIGN (0x2)
                0x00800090                _edata = .
                0x00800090                PROVIDE (__data_end, .)

.bss            0x00800090       0x2d
                0x00800090                PROVIDE (__bss_start, .)
 *(.bss)
 *(.bss*)
 .bss.u8_sg_counter
                0x00800090        0x2 APP/app.o
 .bss.enu_sg_ret
                0x00800092        0x1 APP/app.o
 .bss.g_EXT_INT2_fptr
                0x00800093        0x2 MCAL/exti/external_interrupt.h.o
 .bss.g_EXT_INT1_fptr
                0x00800095        0x2 MCAL/exti/external_interrupt.h.o
 .bss.g_EXT_INT0_fptr
                0x00800097        0x2 MCAL/exti/external_interrupt.h.o
 .bss.sg_Timer2_callBackPtr
                0x00800099        0x2 MCAL/timer/timer.o
 .bss.sg_Timer1_callBackPtr
                0x0080009b        0x2 MCAL/timer/timer.o
 .bss.sg_Timer0_callBackPtr
                0x0080009d        0x2 MCAL/timer/timer.o
 .bss.u8Arr_sg_ID_of_taskPriorty
                0x0080009f        0x3 SERVICE/sos/sos.o
 .bss.uintu8_sg_sos_index_2
                0x008000a2        0x4 SERVICE/sos/sos.o
 .bss.uintu8_sg_sos_index_1
                0x008000a6        0x4 SERVICE/sos/sos.o
 .bss.u8Arr_sg__of_taskCounters
                0x008000aa        0xc SERVICE/sos/sos.o
 .bss.strPtrs_tasks
                0x008000b6        0x6 SERVICE/sos/sos.o
 .bss.enu_sg_sos_init_status
                0x008000bc        0x1 SERVICE/sos/sos.o
 *(COMMON)
                0x008000bd                PROVIDE (__bss_end, .)
                0x00001084                __data_load_start = LOADADDR (.data)
                0x000010b4                __data_load_end = (__data_load_start + SIZEOF (.data))

.noinit         0x008000bd        0x0
                [!provide]                PROVIDE (__noinit_start, .)
 *(.noinit*)
                [!provide]                PROVIDE (__noinit_end, .)
                0x008000bd                _end = .
                [!provide]                PROVIDE (__heap_start, .)

.eeprom         0x00810000        0x0
 *(.eeprom*)
                0x00810000                __eeprom_end = .

.fuse
 *(.fuse)
 *(.lfuse)
 *(.hfuse)
 *(.efuse)

.lock
 *(.lock*)

.signature
 *(.signature*)

.user_signatures
 *(.user_signatures*)

.stab
 *(.stab)

.stabstr
 *(.stabstr)

.stab.excl
 *(.stab.excl)

.stab.exclstr
 *(.stab.exclstr)

.stab.index
 *(.stab.index)

.stab.indexstr
 *(.stab.indexstr)

.comment        0x00000000       0x30
 *(.comment)
 .comment       0x00000000       0x30 APP/app.o
                                 0x31 (size before relaxing)
 .comment       0x00000030       0x31 HAL/led/led.o
 .comment       0x00000030       0x31 HAL/led/led_config.o
 .comment       0x00000030       0x31 main.o
 .comment       0x00000030       0x31 MCAL/dio/dio.o
 .comment       0x00000030       0x31 MCAL/exti/external_interrupt.h.o
 .comment       0x00000030       0x31 MCAL/timer/timer.o
 .comment       0x00000030       0x31 SERVICE/sos/sos.o
 .comment       0x00000030       0x31 SERVICE/sos/sos_tasks.o
 .comment       0x00000030       0x31 STD_LIBRARIES/ex_int_manger/ex_int_manger.o
 .comment       0x00000030       0x31 STD_LIBRARIES/ex_int_manger/ex_int_manger_config.o
 .comment       0x00000030       0x31 STD_LIBRARIES/timer_manager/timer_manager.o
 .comment       0x00000030       0x31 STD_LIBRARIES/timer_manager/timer_manger_config.o

.note.gnu.avr.deviceinfo
                0x00000000       0x3c
 .note.gnu.avr.deviceinfo
                0x00000000       0x3c C:/7.0/Packs/atmel/ATmega_DFP/1.7.374/gcc/dev/atmega32a/avr5/crtatmega32a.o

.note.gnu.build-id
 *(.note.gnu.build-id)

.debug
 *(.debug)

.line
 *(.line)

.debug_srcinfo
 *(.debug_srcinfo)

.debug_sfnames
 *(.debug_sfnames)

.debug_aranges  0x00000000      0x2d0
 *(.debug_aranges)
 .debug_aranges
                0x00000000       0x48 APP/app.o
 .debug_aranges
                0x00000048       0x38 HAL/led/led.o
 .debug_aranges
                0x00000080       0x18 HAL/led/led_config.o
 .debug_aranges
                0x00000098       0x20 main.o
 .debug_aranges
                0x000000b8       0x58 MCAL/dio/dio.o
 .debug_aranges
                0x00000110       0x50 MCAL/exti/external_interrupt.h.o
 .debug_aranges
                0x00000160       0x58 MCAL/timer/timer.o
 .debug_aranges
                0x000001b8       0x60 SERVICE/sos/sos.o
 .debug_aranges
                0x00000218       0x18 SERVICE/sos/sos_tasks.o
 .debug_aranges
                0x00000230       0x38 STD_LIBRARIES/ex_int_manger/ex_int_manger.o
 .debug_aranges
                0x00000268       0x18 STD_LIBRARIES/ex_int_manger/ex_int_manger_config.o
 .debug_aranges
                0x00000280       0x38 STD_LIBRARIES/timer_manager/timer_manager.o
 .debug_aranges
                0x000002b8       0x18 STD_LIBRARIES/timer_manager/timer_manger_config.o

.debug_pubnames
 *(.debug_pubnames)

.debug_info     0x00000000     0x2af4
 *(.debug_info .gnu.linkonce.wi.*)
 .debug_info    0x00000000      0x4e6 C:/7.0/Packs/atmel/ATmega_DFP/1.7.374/gcc/dev/atmega32a/avr5/crtatmega32a.o
 .debug_info    0x000004e6      0x52b APP/app.o
 .debug_info    0x00000a11      0x38a HAL/led/led.o
 .debug_info    0x00000d9b      0x196 HAL/led/led_config.o
 .debug_info    0x00000f31       0xc2 main.o
 .debug_info    0x00000ff3      0x474 MCAL/dio/dio.o
 .debug_info    0x00001467      0x456 MCAL/exti/external_interrupt.h.o
 .debug_info    0x000018bd      0x2e2 MCAL/timer/timer.o
 .debug_info    0x00001b9f      0x638 SERVICE/sos/sos.o
 .debug_info    0x000021d7      0x159 SERVICE/sos/sos_tasks.o
 .debug_info    0x00002330      0x2d9 STD_LIBRARIES/ex_int_manger/ex_int_manger.o
 .debug_info    0x00002609      0x118 STD_LIBRARIES/ex_int_manger/ex_int_manger_config.o
 .debug_info    0x00002721      0x2b9 STD_LIBRARIES/timer_manager/timer_manager.o
 .debug_info    0x000029da      0x11a STD_LIBRARIES/timer_manager/timer_manger_config.o

.debug_abbrev   0x00000000     0x1019
 *(.debug_abbrev)
 .debug_abbrev  0x00000000      0x4a3 C:/7.0/Packs/atmel/ATmega_DFP/1.7.374/gcc/dev/atmega32a/avr5/crtatmega32a.o
 .debug_abbrev  0x000004a3      0x140 APP/app.o
 .debug_abbrev  0x000005e3      0x10d HAL/led/led.o
 .debug_abbrev  0x000006f0       0x7c HAL/led/led_config.o
 .debug_abbrev  0x0000076c       0x65 main.o
 .debug_abbrev  0x000007d1       0xf2 MCAL/dio/dio.o
 .debug_abbrev  0x000008c3      0x153 MCAL/exti/external_interrupt.h.o
 .debug_abbrev  0x00000a16      0x104 MCAL/timer/timer.o
 .debug_abbrev  0x00000b1a      0x1e3 SERVICE/sos/sos.o
 .debug_abbrev  0x00000cfd       0x7d SERVICE/sos/sos_tasks.o
 .debug_abbrev  0x00000d7a       0xdc STD_LIBRARIES/ex_int_manger/ex_int_manger.o
 .debug_abbrev  0x00000e56       0x6d STD_LIBRARIES/ex_int_manger/ex_int_manger_config.o
 .debug_abbrev  0x00000ec3       0xf1 STD_LIBRARIES/timer_manager/timer_manager.o
 .debug_abbrev  0x00000fb4       0x65 STD_LIBRARIES/timer_manager/timer_manger_config.o

.debug_line     0x00000000     0x1dbf
 *(.debug_line .debug_line.* .debug_line_end)
 .debug_line    0x00000000      0x116 C:/7.0/Packs/atmel/ATmega_DFP/1.7.374/gcc/dev/atmega32a/avr5/crtatmega32a.o
 .debug_line    0x00000116      0x295 APP/app.o
 .debug_line    0x000003ab      0x1b1 HAL/led/led.o
 .debug_line    0x0000055c       0x61 HAL/led/led_config.o
 .debug_line    0x000005bd       0x5d main.o
 .debug_line    0x0000061a      0x287 MCAL/dio/dio.o
 .debug_line    0x000008a1      0x3f5 MCAL/exti/external_interrupt.h.o
 .debug_line    0x00000c96      0x716 MCAL/timer/timer.o
 .debug_line    0x000013ac      0x4a4 SERVICE/sos/sos.o
 .debug_line    0x00001850       0x73 SERVICE/sos/sos_tasks.o
 .debug_line    0x000018c3      0x1a9 STD_LIBRARIES/ex_int_manger/ex_int_manger.o
 .debug_line    0x00001a6c       0x9a STD_LIBRARIES/ex_int_manger/ex_int_manger_config.o
 .debug_line    0x00001b06      0x1d3 STD_LIBRARIES/timer_manager/timer_manager.o
 .debug_line    0x00001cd9       0xe6 STD_LIBRARIES/timer_manager/timer_manger_config.o

.debug_frame    0x00000000      0x5c8
 *(.debug_frame)
 .debug_frame   0x00000000       0x74 APP/app.o
 .debug_frame   0x00000074       0x60 HAL/led/led.o
 .debug_frame   0x000000d4       0x24 main.o
 .debug_frame   0x000000f8       0x94 MCAL/dio/dio.o
 .debug_frame   0x0000018c      0x174 MCAL/exti/external_interrupt.h.o
 .debug_frame   0x00000300      0x16c MCAL/timer/timer.o
 .debug_frame   0x0000046c       0xa4 SERVICE/sos/sos.o
 .debug_frame   0x00000510       0x54 STD_LIBRARIES/ex_int_manger/ex_int_manger.o
 .debug_frame   0x00000564       0x64 STD_LIBRARIES/timer_manager/timer_manager.o

.debug_str      0x00000000     0x10df
 *(.debug_str)
 .debug_str     0x00000000      0x196 C:/7.0/Packs/atmel/ATmega_DFP/1.7.374/gcc/dev/atmega32a/avr5/crtatmega32a.o
 .debug_str     0x00000196      0x5cb APP/app.o
                                0x5f7 (size before relaxing)
 .debug_str     0x00000761      0x124 HAL/led/led.o
                                0x347 (size before relaxing)
 .debug_str     0x00000885       0x2b HAL/led/led_config.o
                                0x29f (size before relaxing)
 .debug_str     0x000008b0       0x11 main.o
                                0x17b (size before relaxing)
 .debug_str     0x000008c1      0x105 MCAL/dio/dio.o
                                0x3d8 (size before relaxing)
 .debug_str     0x000009c6      0x121 MCAL/exti/external_interrupt.h.o
                                0x4a0 (size before relaxing)
 .debug_str     0x00000ae7      0x1b6 MCAL/timer/timer.o
                                0x36b (size before relaxing)
 .debug_str     0x00000c9d      0x30e SERVICE/sos/sos.o
                                0x6ff (size before relaxing)
 .debug_str     0x00000fab       0x29 SERVICE/sos/sos_tasks.o
                                0x2ae (size before relaxing)
 .debug_str     0x00000fd4       0x62 STD_LIBRARIES/ex_int_manger/ex_int_manger.o
                                0x3d3 (size before relaxing)
 .debug_str     0x00001036       0x36 STD_LIBRARIES/ex_int_manger/ex_int_manger_config.o
                                0x2d6 (size before relaxing)
 .debug_str     0x0000106c       0x3e STD_LIBRARIES/timer_manager/timer_manager.o
                                0x35f (size before relaxing)
 .debug_str     0x000010aa       0x35 STD_LIBRARIES/timer_manager/timer_manger_config.o
                                0x2b1 (size before relaxing)

.debug_loc      0x00000000     0x2064
 *(.debug_loc)
 .debug_loc     0x00000000      0x342 HAL/led/led.o
 .debug_loc     0x00000342      0x496 MCAL/dio/dio.o
 .debug_loc     0x000007d8      0x77a MCAL/exti/external_interrupt.h.o
 .debug_loc     0x00000f52      0x6f2 MCAL/timer/timer.o
 .debug_loc     0x00001644      0x4b8 SERVICE/sos/sos.o
 .debug_loc     0x00001afc      0x283 STD_LIBRARIES/ex_int_manger/ex_int_manger.o
 .debug_loc     0x00001d7f      0x2e5 STD_LIBRARIES/timer_manager/timer_manager.o

.debug_macinfo
 *(.debug_macinfo)

.debug_weaknames
 *(.debug_weaknames)

.debug_funcnames
 *(.debug_funcnames)

.debug_typenames
 *(.debug_typenames)

.debug_varnames
 *(.debug_varnames)

.debug_pubtypes
 *(.debug_pubtypes)

.debug_ranges   0x00000000      0x1e0
 *(.debug_ranges)
 .debug_ranges  0x00000000       0x38 APP/app.o
 .debug_ranges  0x00000038       0x28 HAL/led/led.o
 .debug_ranges  0x00000060       0x10 main.o
 .debug_ranges  0x00000070       0x48 MCAL/dio/dio.o
 .debug_ranges  0x000000b8       0x40 MCAL/exti/external_interrupt.h.o
 .debug_ranges  0x000000f8       0x48 MCAL/timer/timer.o
 .debug_ranges  0x00000140       0x50 SERVICE/sos/sos.o
 .debug_ranges  0x00000190       0x28 STD_LIBRARIES/ex_int_manger/ex_int_manger.o
 .debug_ranges  0x000001b8       0x28 STD_LIBRARIES/timer_manager/timer_manager.o

.debug_macro
 *(.debug_macro)
OUTPUT(SOS.elf elf32-avr)
LOAD linker stubs
